îº§ gdb a.out
GNU gdb (Ubuntu 8.1.1-0ubuntu1) 8.1.1
Copyright (C) 2018 Free Software Foundation, Inc.
License GPLv3+: GNU GPL version 3 or later <http://gnu.org/licenses/gpl.html>
This is free software: you are free to change and redistribute it.
There is NO WARRANTY, to the extent permitted by law.  Type "show copying"
and "show warranty" for details.
This GDB was configured as "x86_64-linux-gnu".
Type "show configuration" for configuration details.
For bug reporting instructions, please see:
<http://www.gnu.org/software/gdb/bugs/>.
Find the GDB manual and other documentation resources online at:
<http://www.gnu.org/software/gdb/documentation/>.
For help, type "help".
Type "apropos word" to search for commands related to "word"...
Reading symbols from a.out...done.
(gdb) b main
Breakpoint 1 at 0x72b: file p4final.c, line 8.
(gdb) r
Starting program: /home/runner/pps-IA1-practice/a.out 
warning: Error disabling address space randomization: Operation not permitted

Breakpoint 1, main () at p4final.c:8
8   int main(){
(gdb) n
10    n = input_array_size();
(gdb) s
input_array_size () at p4final.c:16
16  int input_array_size(){
(gdb) n
18    printf("How many numbers to be added? ");
(gdb) n
19    scanf("%d", &n);
(gdb) n
How many numbers to be added? 2
20    return n;
(gdb) n
21  }
(gdb) n
main () at p4final.c:11
11    int a[n];
(gdb) p n
$1 = 2
(gdb) n
12    input_array(n, a);
(gdb) s
input_array (n=2, a=0x7ffc52abb2c0) at p4final.c:23
23    for(int i=0;i<n;i++){
(gdb) n
24      printf("Number %d = ",i+1);
(gdb) n
25      scanf("%d", &a[i]);
(gdb) n
Number 1 = 5
23    for(int i=0;i<n;i++){
(gdb) p i
$2 = 0
(gdb) p a[i]
$3 = 5
(gdb) n
24      printf("Number %d = ",i+1);
(gdb) n
25      scanf("%d", &a[i]);
(gdb) n
Number 2 = 5
23    for(int i=0;i<n;i++){
(gdb) p i
$4 = 1
(gdb) p a[i]
$5 = 5
(gdb) n
27  }
(gdb) n
main () at p4final.c:13
13    sum = sum_n_array(n, a);
(gdb) p sum
$6 = 32764
(gdb) s
sum_n_array (n=2, a=0x7ffc52abb2c0) at p4final.c:29
29    int sum = 0;
(gdb) n
30    for(int i=0;i<n;i++){
(gdb) n
31      sum += a[i];
(gdb) n
30    for(int i=0;i<n;i++){
(gdb) p sum
$7 = 5
(gdb) 
$8 = 5
(gdb) n
31      sum += a[i];
(gdb) n
30    for(int i=0;i<n;i++){
(gdb) p sum
$9 = 10
(gdb) n
33    return sum;
(gdb) n
34  }
(gdb) n
main () at p4final.c:14
14    output(n, a, sum);
(gdb) p sum
$10 = 10
(gdb) s
output (n=2, a=0x7ffc52abb2c0, sum=10) at p4final.c:36
36    for(int i=0;i<n-1;i++){
(gdb) n
37      printf("%d + ", a[i]);
(gdb) 
36    for(int i=0;i<n-1;i++){
(gdb) n
39    printf("%d = %d\n", a[n-1], sum);
(gdb) 
5 + 5 = 10
40  }(gdb) n
main () at p4final.c:15
15 return 0;
(gdb) n
16  }
(gdb) c
Continuing.
[Inferior 1 (process 756) exited normally]
(gdb) q